<?xml version="1.0" encoding="UTF-8"?>
<testsuites name="jest tests" tests="1" failures="1" errors="0" time="14.055">
  <testsuite name="Home" errors="0" failures="1" skipped="0" timestamp="2023-02-28T16:25:19" time="4.24" tests="1">
    <testcase classname="Home renders a heading" name="Home renders a heading" time="0.382">
      <failure>TestingLibraryElementError: Unable to find an accessible element with the role &quot;heading&quot; and name `/welcome to next\.js!/i`

Here are the accessible roles:

  main:

  Name &quot;&quot;:
  &lt;main
    class=&quot;main&quot;
  /&gt;

  --------------------------------------------------
  link:

  Name &quot;By Vercel Logo&quot;:
  &lt;a
    href=&quot;https://vercel.com?utm_source=create-next-app&amp;utm_medium=default-template&amp;utm_campaign=create-next-app&quot;
    rel=&quot;noopener noreferrer&quot;
    target=&quot;_blank&quot;
  /&gt;

  Name &quot;Docs -&gt; Find in-depth information about Next.js features and API.&quot;:
  &lt;a
    class=&quot;card&quot;
    href=&quot;https://nextjs.org/docs?utm_source=create-next-app&amp;utm_medium=default-template&amp;utm_campaign=create-next-app&quot;
    rel=&quot;noopener noreferrer&quot;
    target=&quot;_blank&quot;
  /&gt;

  Name &quot;Learn -&gt; Learn about Next.js in an interactive course with quizzes!&quot;:
  &lt;a
    class=&quot;card&quot;
    href=&quot;https://nextjs.org/learn?utm_source=create-next-app&amp;utm_medium=default-template&amp;utm_campaign=create-next-app&quot;
    rel=&quot;noopener noreferrer&quot;
    target=&quot;_blank&quot;
  /&gt;

  Name &quot;Templates -&gt; Discover and deploy boilerplate example Next.js projects.&quot;:
  &lt;a
    class=&quot;card&quot;
    href=&quot;https://vercel.com/templates?framework=next.js&amp;utm_source=create-next-app&amp;utm_medium=default-template&amp;utm_campaign=create-next-app&quot;
    rel=&quot;noopener noreferrer&quot;
    target=&quot;_blank&quot;
  /&gt;

  Name &quot;Deploy -&gt; Instantly deploy your Next.js site to a shareable URL with Vercel.&quot;:
  &lt;a
    class=&quot;card&quot;
    href=&quot;https://vercel.com/new?utm_source=create-next-app&amp;utm_medium=default-template&amp;utm_campaign=create-next-app&quot;
    rel=&quot;noopener noreferrer&quot;
    target=&quot;_blank&quot;
  /&gt;

  --------------------------------------------------
  img:

  Name &quot;Vercel Logo&quot;:
  &lt;img
    alt=&quot;Vercel Logo&quot;
    class=&quot;vercelLogo&quot;
    data-nimg=&quot;1&quot;
    decoding=&quot;async&quot;
    height=&quot;24&quot;
    src=&quot;/vercel.svg&quot;
    style=&quot;color: transparent;&quot;
    width=&quot;100&quot;
  /&gt;

  Name &quot;Next.js Logo&quot;:
  &lt;img
    alt=&quot;Next.js Logo&quot;
    class=&quot;logo&quot;
    data-nimg=&quot;1&quot;
    decoding=&quot;async&quot;
    height=&quot;37&quot;
    src=&quot;/next.svg&quot;
    style=&quot;color: transparent;&quot;
    width=&quot;180&quot;
  /&gt;

  Name &quot;13&quot;:
  &lt;img
    alt=&quot;13&quot;
    data-nimg=&quot;1&quot;
    decoding=&quot;async&quot;
    height=&quot;31&quot;
    src=&quot;/thirteen.svg&quot;
    style=&quot;color: transparent;&quot;
    width=&quot;40&quot;
  /&gt;

  --------------------------------------------------
  heading:

  Name &quot;Docs -&gt;&quot;:
  &lt;h2
    class=&quot;className&quot;
  /&gt;

  Name &quot;Learn -&gt;&quot;:
  &lt;h2
    class=&quot;className&quot;
  /&gt;

  Name &quot;Templates -&gt;&quot;:
  &lt;h2
    class=&quot;className&quot;
  /&gt;

  Name &quot;Deploy -&gt;&quot;:
  &lt;h2
    class=&quot;className&quot;
  /&gt;

  --------------------------------------------------

Ignored nodes: comments, script, style
&lt;body&gt;
  &lt;div&gt;
    &lt;main
      class=&quot;main&quot;
    &gt;
      &lt;div
        class=&quot;description&quot;
      &gt;
        &lt;p&gt;
          Get started by editing 
          &lt;code
            class=&quot;code&quot;
          &gt;
            src/pages/index.tsx
          &lt;/code&gt;
        &lt;/p&gt;
        &lt;div&gt;
          &lt;a
            href=&quot;https://vercel.com?utm_source=create-next-app&amp;utm_medium=default-template&amp;utm_campaign=create-next-app&quot;
            rel=&quot;noopener noreferrer&quot;
            target=&quot;_blank&quot;
          &gt;
            By
             
            &lt;img
              alt=&quot;Vercel Logo&quot;
              class=&quot;vercelLogo&quot;
              data-nimg=&quot;1&quot;
              decoding=&quot;async&quot;
              height=&quot;24&quot;
              src=&quot;/vercel.svg&quot;
              style=&quot;color: transparent;&quot;
              width=&quot;100&quot;
            /&gt;
          &lt;/a&gt;
        &lt;/div&gt;
      &lt;/div&gt;
      &lt;div
        class=&quot;center&quot;
      &gt;
        &lt;img
          alt=&quot;Next.js Logo&quot;
          class=&quot;logo&quot;
          data-nimg=&quot;1&quot;
          decoding=&quot;async&quot;
          height=&quot;37&quot;
          src=&quot;/next.svg&quot;
          style=&quot;color: transparent;&quot;
          width=&quot;180&quot;
        /&gt;
        &lt;div
          class=&quot;thirteen&quot;
        &gt;
          &lt;img
            alt=&quot;13&quot;
            data-nimg=&quot;1&quot;
            decoding=&quot;async&quot;
            height=&quot;31&quot;
            src=&quot;/thirteen.svg&quot;
            style=&quot;color: transparent;&quot;
            width=&quot;40&quot;
          /&gt;
        &lt;/div&gt;
      &lt;/div&gt;
      &lt;div
        class=&quot;grid&quot;
      &gt;
        &lt;a
          class=&quot;card&quot;
          href=&quot;https://nextjs.org/docs?utm_source=create-next-app&amp;utm_medium=default-template&amp;utm_campaign=create-next-app&quot;
          rel=&quot;noopener noreferrer&quot;
          target=&quot;_blank&quot;
        &gt;
          &lt;h2
            class=&quot;className&quot;
          &gt;
            Docs 
            &lt;span&gt;
              -&amp;gt;
            &lt;/span&gt;
          &lt;/h2&gt;
          &lt;p
            class=&quot;className&quot;
          &gt;
            Find in-depth information about Next.js features and API.
          &lt;/p&gt;
        &lt;/a&gt;
        &lt;a
          class=&quot;card&quot;
          href=&quot;https://nextjs.org/learn?utm_source=create-next-app&amp;utm_medium=default-template&amp;utm_campaign=create-next-app&quot;
          rel=&quot;noopener noreferrer&quot;
          target=&quot;_blank&quot;
        &gt;
          &lt;h2
            class=&quot;className&quot;
          &gt;
            Learn 
            &lt;span&gt;
              -&amp;gt;
            &lt;/span&gt;
          &lt;/h2&gt;
          &lt;p
            class=&quot;className&quot;
          &gt;
            Learn about Next.js in an interactive course with quizzes!
          &lt;/p&gt;
        &lt;/a&gt;
        &lt;a
          class=&quot;card&quot;
          href=&quot;https://vercel.com/templates?framework=next.js&amp;utm_source=create-next-app&amp;utm_medium=default-template&amp;utm_campaign=create-next-app&quot;
          rel=&quot;noopener noreferrer&quot;
          target=&quot;_blank&quot;
        &gt;
          &lt;h2
            class=&quot;className&quot;
          &gt;
            Templates 
            &lt;span&gt;
              -&amp;gt;
            &lt;/span&gt;
          &lt;/h2&gt;
          &lt;p
            class=&quot;className&quot;
          &gt;
            Discover and deploy boilerplate example Next.js projects.
          &lt;/p&gt;
        &lt;/a&gt;
        &lt;a
          class=&quot;card&quot;
          href=&quot;https://vercel.com/new?utm_source=create-next-app&amp;utm_medium=default-template&amp;utm_campaign=create-next-app&quot;
          rel=&quot;noopener noreferrer&quot;
          target=&quot;_blank&quot;
        &gt;
          &lt;h2
            class=&quot;className&quot;
          &gt;
            Deploy 
            &lt;span&gt;
              -&amp;gt;
            &lt;/span&gt;
          &lt;/h2&gt;
          &lt;p
            class=&quot;className&quot;
          &gt;
            Instantly deploy your Next.js site to a shareable URL with Vercel.
          &lt;/p&gt;
        &lt;/a&gt;
      &lt;/div&gt;
    &lt;/main&gt;
  &lt;/div&gt;
&lt;/body&gt;
    at Object.getElementError (D:\dn0-training\training-interview\node_modules\@testing-library\react\node_modules\@testing-library\dom\dist\config.js:37:19)
    at D:\dn0-training\training-interview\node_modules\@testing-library\react\node_modules\@testing-library\dom\dist\query-helpers.js:76:38
    at D:\dn0-training\training-interview\node_modules\@testing-library\react\node_modules\@testing-library\dom\dist\query-helpers.js:52:17
    at getByRole (D:\dn0-training\training-interview\node_modules\@testing-library\react\node_modules\@testing-library\dom\dist\query-helpers.js:95:19)
    at Object.&lt;anonymous&gt; (D:\dn0-training\training-interview\test\index.test.tsx:8:28)
    at Promise.then.completed (D:\dn0-training\training-interview\node_modules\jest-circus\build\utils.js:391:28)
    at new Promise (&lt;anonymous&gt;)
    at callAsyncCircusFn (D:\dn0-training\training-interview\node_modules\jest-circus\build\utils.js:316:10)
    at _callCircusTest (D:\dn0-training\training-interview\node_modules\jest-circus\build\run.js:218:40)
    at _runTest (D:\dn0-training\training-interview\node_modules\jest-circus\build\run.js:155:3)
    at _runTestsForDescribeBlock (D:\dn0-training\training-interview\node_modules\jest-circus\build\run.js:66:9)
    at _runTestsForDescribeBlock (D:\dn0-training\training-interview\node_modules\jest-circus\build\run.js:60:9)
    at run (D:\dn0-training\training-interview\node_modules\jest-circus\build\run.js:25:3)
    at runAndTransformResultsToJestFormat (D:\dn0-training\training-interview\node_modules\jest-circus\build\legacy-code-todo-rewrite\jestAdapterInit.js:170:21)
    at jestAdapter (D:\dn0-training\training-interview\node_modules\jest-circus\build\legacy-code-todo-rewrite\jestAdapter.js:82:19)
    at runTestInternal (D:\dn0-training\training-interview\node_modules\jest-runner\build\runTest.js:389:16)
    at runTest (D:\dn0-training\training-interview\node_modules\jest-runner\build\runTest.js:475:34)
    at TestRunner.runTests (D:\dn0-training\training-interview\node_modules\jest-runner\build\index.js:101:12)
    at TestScheduler.scheduleTests (D:\dn0-training\training-interview\node_modules\@jest\core\build\TestScheduler.js:333:13)
    at runJest (D:\dn0-training\training-interview\node_modules\@jest\core\build\runJest.js:404:19)
    at _run10000 (D:\dn0-training\training-interview\node_modules\@jest\core\build\cli\index.js:320:7)
    at runCLI (D:\dn0-training\training-interview\node_modules\@jest\core\build\cli\index.js:173:3)
    at Object.run (D:\dn0-training\training-interview\node_modules\jest-cli\build\cli\index.js:155:37)</failure>
    </testcase>
  </testsuite>
</testsuites>